# serializer version: 1
# name: TestLabelingSnapshot.test_label_output_structure_snapshot
  dict({
    'labels': list([
      dict({
        'category': '代码质量',
        'confidence': 0.9,
        'description': '空值未检查',
        'name': '空指针',
      }),
    ]),
  })
# ---
# name: TestReportSnapshot.test_empty_report_snapshot
  '''
  # 故障复盘分析报告
  
  ## 基本信息
  
  - **任务ID**: 99999
  - **标题**: 
  - **概要**: 
  
  
  
  
  
  
  
  
  
  
  
  
  
  ---
  *报告生成时间: TIMESTAMP*
  '''
# ---
# name: TestReportSnapshot.test_single_report_snapshot
  '''
  # 故障复盘分析报告
  
  ## 基本信息
  
  - **任务ID**: 12345
  - **标题**: 空指针异常导致服务崩溃
  - **概要**: 
  
  
  ## 故障详情
  
  
  ### 开发
  
  修复空指针检查
  
  
  ### 测试
  
  补充边界测试用例
  
  
  
  
  
  
  
  
  
  ## 分类标签
  
  
  - **空异常捕获** (代码质量) - 置信度: 95%
    未正确处理空值
  
  
  - **缺少边界检查** (测试覆盖) - 置信度: 80%
    边界条件未覆盖
  
  
  
  
  
  ## 根因分析
  
  
  ### 代码缺陷
  
  未对返回结果进行空值检查
  
  **证据**:
  
  - 第
  
  - 4
  
  - 2
  
  - 行
  
  - 直
  
  - 接
  
  - 调
  
  - 用
  
  - 方
  
  - 法
  
  - 未
  
  - 判
  
  - 空
  
  
  置信度: 90%
  
  
  
  
  
  ## 改进建议
  
  
  1. 加强空值检查编码规范
  
  2. 补充边界条件测试用例
  
  
  
  ---
  *报告生成时间: TIMESTAMP*
  '''
# ---
